// Jest Snapshot v1, https://goo.gl/fbAQLP

exports[`App test should render the snapshot 1`] = `
<div
  className="App"
>
  <h1
    className="title"
  >
    Todo List
  </h1>
  <div
    className="form"
  >
    <div>
      <div>
        <input
          aria-label="todo-input"
          autoFocus={true}
          onChange={[Function]}
          placeholder="Enter your todo item"
          type="text"
          value=""
        />
        <button
          onClick={[Function]}
        >
          Add Items
        </button>
        <label
          className="todo-tasks-container"
        />
      </div>
    </div>
  </div>
</div>
`;
